// Jest Snapshot v1, https://goo.gl/fbAQLP

exports[`Snapshot 1`] = `
Object {
  "Outputs": Object {
    "seederconstructs3landingbucketoutputD0A727B1": Object {
      "Description": "Seed s3 bucket name",
      "Value": Object {
        "Ref": "seederconstructBucket8985D027",
      },
    },
    "seederconstructtableoutput5B629359": Object {
      "Description": "Dynamodb table name",
      "Value": Object {
        "Ref": "seederconstructanalyticstableD925F0A0",
      },
    },
  },
  "Parameters": Object {
    "BootstrapVersion": Object {
      "Default": "/cdk-bootstrap/hnb659fds/version",
      "Description": "Version of the CDK Bootstrap resources in this environment, automatically retrieved from SSM Parameter Store. [cdk:skip]",
      "Type": "AWS::SSM::Parameter::Value<String>",
    },
  },
  "Resources": Object {
    "CustomS3AutoDeleteObjectsCustomResourceProviderHandler9D90184F": Object {
      "DependsOn": Array [
        "CustomS3AutoDeleteObjectsCustomResourceProviderRole3B1BD092",
      ],
      "Properties": Object {
        "Code": Object {
          "S3Bucket": Object {
            "Fn::Sub": "cdk-hnb659fds-assets-\${AWS::AccountId}-\${AWS::Region}",
          },
          "S3Key": "bdb08b9984816ecf43301a0c6d8913e270ee2448940b6b95e430dd222a4d90be.zip",
        },
        "Description": Object {
          "Fn::Join": Array [
            "",
            Array [
              "Lambda function for auto-deleting objects in ",
              Object {
                "Ref": "seederconstructBucket8985D027",
              },
              " S3 bucket.",
            ],
          ],
        },
        "Handler": "__entrypoint__.handler",
        "MemorySize": 128,
        "Role": Object {
          "Fn::GetAtt": Array [
            "CustomS3AutoDeleteObjectsCustomResourceProviderRole3B1BD092",
            "Arn",
          ],
        },
        "Runtime": "nodejs12.x",
        "Timeout": 900,
      },
      "Type": "AWS::Lambda::Function",
    },
    "CustomS3AutoDeleteObjectsCustomResourceProviderRole3B1BD092": Object {
      "Properties": Object {
        "AssumeRolePolicyDocument": Object {
          "Statement": Array [
            Object {
              "Action": "sts:AssumeRole",
              "Effect": "Allow",
              "Principal": Object {
                "Service": "lambda.amazonaws.com",
              },
            },
          ],
          "Version": "2012-10-17",
        },
        "ManagedPolicyArns": Array [
          Object {
            "Fn::Sub": "arn:\${AWS::Partition}:iam::aws:policy/service-role/AWSLambdaBasicExecutionRole",
          },
        ],
      },
      "Type": "AWS::IAM::Role",
    },
    "seederconstructBucket8985D027": Object {
      "DeletionPolicy": "Delete",
      "Properties": Object {
        "BucketEncryption": Object {
          "ServerSideEncryptionConfiguration": Array [
            Object {
              "ServerSideEncryptionByDefault": Object {
                "SSEAlgorithm": "AES256",
              },
            },
          ],
        },
        "PublicAccessBlockConfiguration": Object {
          "BlockPublicAcls": true,
          "BlockPublicPolicy": true,
          "IgnorePublicAcls": true,
          "RestrictPublicBuckets": true,
        },
        "Tags": Array [
          Object {
            "Key": "aws-cdk:auto-delete-objects",
            "Value": "true",
          },
        ],
      },
      "Type": "AWS::S3::Bucket",
      "UpdateReplacePolicy": "Delete",
    },
    "seederconstructBucketAutoDeleteObjectsCustomResource68080881": Object {
      "DeletionPolicy": "Delete",
      "DependsOn": Array [
        "seederconstructBucketPolicy8E64BB55",
      ],
      "Properties": Object {
        "BucketName": Object {
          "Ref": "seederconstructBucket8985D027",
        },
        "ServiceToken": Object {
          "Fn::GetAtt": Array [
            "CustomS3AutoDeleteObjectsCustomResourceProviderHandler9D90184F",
            "Arn",
          ],
        },
      },
      "Type": "Custom::S3AutoDeleteObjects",
      "UpdateReplacePolicy": "Delete",
    },
    "seederconstructBucketPolicy8E64BB55": Object {
      "Properties": Object {
        "Bucket": Object {
          "Ref": "seederconstructBucket8985D027",
        },
        "PolicyDocument": Object {
          "Statement": Array [
            Object {
              "Action": "s3:*",
              "Condition": Object {
                "Bool": Object {
                  "aws:SecureTransport": "false",
                },
              },
              "Effect": "Deny",
              "Principal": Object {
                "AWS": "*",
              },
              "Resource": Array [
                Object {
                  "Fn::GetAtt": Array [
                    "seederconstructBucket8985D027",
                    "Arn",
                  ],
                },
                Object {
                  "Fn::Join": Array [
                    "",
                    Array [
                      Object {
                        "Fn::GetAtt": Array [
                          "seederconstructBucket8985D027",
                          "Arn",
                        ],
                      },
                      "/*",
                    ],
                  ],
                },
              ],
            },
            Object {
              "Action": Array [
                "s3:GetBucket*",
                "s3:List*",
                "s3:DeleteObject*",
              ],
              "Effect": "Allow",
              "Principal": Object {
                "AWS": Object {
                  "Fn::GetAtt": Array [
                    "CustomS3AutoDeleteObjectsCustomResourceProviderRole3B1BD092",
                    "Arn",
                  ],
                },
              },
              "Resource": Array [
                Object {
                  "Fn::GetAtt": Array [
                    "seederconstructBucket8985D027",
                    "Arn",
                  ],
                },
                Object {
                  "Fn::Join": Array [
                    "",
                    Array [
                      Object {
                        "Fn::GetAtt": Array [
                          "seederconstructBucket8985D027",
                          "Arn",
                        ],
                      },
                      "/*",
                    ],
                  ],
                },
              ],
            },
            Object {
              "Action": "s3:*",
              "Effect": "Allow",
              "Principal": Object {
                "AWS": Object {
                  "Fn::GetAtt": Array [
                    "seederconstructIngestionRoleB9833A74",
                    "Arn",
                  ],
                },
              },
              "Resource": Array [
                Object {
                  "Fn::GetAtt": Array [
                    "seederconstructBucket8985D027",
                    "Arn",
                  ],
                },
                Object {
                  "Fn::Join": Array [
                    "",
                    Array [
                      Object {
                        "Fn::GetAtt": Array [
                          "seederconstructBucket8985D027",
                          "Arn",
                        ],
                      },
                      "/*",
                    ],
                  ],
                },
              ],
            },
          ],
          "Version": "2012-10-17",
        },
      },
      "Type": "AWS::S3::BucketPolicy",
    },
    "seederconstructDeliveryStreamFBAD3C4C": Object {
      "Properties": Object {
        "DeliveryStreamType": "KinesisStreamAsSource",
        "ExtendedS3DestinationConfiguration": Object {
          "BucketARN": Object {
            "Fn::GetAtt": Array [
              "seederconstructBucket8985D027",
              "Arn",
            ],
          },
          "BufferingHints": Object {
            "IntervalInSeconds": 60,
            "SizeInMBs": 128,
          },
          "CloudWatchLoggingOptions": Object {
            "Enabled": true,
            "LogGroupName": "/aws/kinesisfirehose/test-stream",
            "LogStreamName": "S3Delivery",
          },
          "CompressionFormat": "UNCOMPRESSED",
          "DataFormatConversionConfiguration": Object {
            "Enabled": true,
            "InputFormatConfiguration": Object {
              "Deserializer": Object {
                "OpenXJsonSerDe": Object {},
              },
            },
            "OutputFormatConfiguration": Object {
              "Serializer": Object {
                "ParquetSerDe": Object {},
              },
            },
            "SchemaConfiguration": Object {
              "CatalogId": Object {
                "Ref": "AWS::AccountId",
              },
              "DatabaseName": Object {
                "Ref": "seederconstructGlueDB7DCB2FDC",
              },
              "Region": Object {
                "Ref": "AWS::Region",
              },
              "RoleARN": Object {
                "Fn::GetAtt": Array [
                  "seederconstructIngestionRoleB9833A74",
                  "Arn",
                ],
              },
              "TableName": Object {
                "Ref": "seederconstructGlueTableC181FBB2",
              },
            },
          },
          "ErrorOutputPrefix": "error/!{firehose:error-output-type}/dt=!{timestamp:yyyy'-'MM'-'dd}/h=!{timestamp:HH}/",
          "Prefix": "data/",
          "RoleARN": Object {
            "Fn::GetAtt": Array [
              "seederconstructIngestionRoleB9833A74",
              "Arn",
            ],
          },
        },
        "KinesisStreamSourceConfiguration": Object {
          "KinesisStreamARN": Object {
            "Fn::GetAtt": Array [
              "seederconstructstream9C406DB7",
              "Arn",
            ],
          },
          "RoleARN": Object {
            "Fn::GetAtt": Array [
              "seederconstructIngestionRoleB9833A74",
              "Arn",
            ],
          },
        },
      },
      "Type": "AWS::KinesisFirehose::DeliveryStream",
    },
    "seederconstructGlueDB7DCB2FDC": Object {
      "Properties": Object {
        "CatalogId": Object {
          "Ref": "AWS::AccountId",
        },
        "DatabaseInput": Object {
          "Name": "ddb-s3-athena",
        },
      },
      "Type": "AWS::Glue::Database",
    },
    "seederconstructGlueTableC181FBB2": Object {
      "Properties": Object {
        "CatalogId": Object {
          "Ref": "AWS::AccountId",
        },
        "DatabaseName": Object {
          "Ref": "seederconstructGlueDB7DCB2FDC",
        },
        "TableInput": Object {
          "Description": "seeder generated by CDK",
          "Name": "seeder",
          "Parameters": Object {
            "has_encrypted_data": false,
          },
          "PartitionKeys": Array [
            Object {
              "Name": "date",
              "Type": "string",
            },
          ],
          "StorageDescriptor": Object {
            "Columns": Array [
              Object {
                "Name": "PK",
                "Type": "timestamp",
              },
              Object {
                "Name": "SK",
                "Type": "string",
              },
            ],
            "Compressed": false,
            "InputFormat": "org.apache.hadoop.hive.ql.io.parquet.MapredParquetInputFormat",
            "Location": Object {
              "Fn::Join": Array [
                "",
                Array [
                  "s3://",
                  Object {
                    "Ref": "seederconstructBucket8985D027",
                  },
                  "/",
                ],
              ],
            },
            "OutputFormat": "org.apache.hadoop.hive.ql.io.parquet.MapredParquetInputFormat",
            "SerdeInfo": Object {
              "SerializationLibrary": "org.apache.hadoop.hive.ql.io.parquet.serde.ParquetHiveSerDe",
            },
            "StoredAsSubDirectories": false,
          },
          "TableType": "EXTERNAL_TABLE",
        },
      },
      "Type": "AWS::Glue::Table",
    },
    "seederconstructIngestionRoleB9833A74": Object {
      "Properties": Object {
        "AssumeRolePolicyDocument": Object {
          "Statement": Array [
            Object {
              "Action": "sts:AssumeRole",
              "Effect": "Allow",
              "Principal": Object {
                "Service": "firehose.amazonaws.com",
              },
            },
          ],
          "Version": "2012-10-17",
        },
        "Policies": Array [
          Object {
            "PolicyDocument": Object {
              "Statement": Array [
                Object {
                  "Action": Array [
                    "kinesis:DescribeStream",
                    "kinesis:GetRecords",
                    "kinesis:GetShardIterator",
                  ],
                  "Effect": "Allow",
                  "Resource": Object {
                    "Fn::GetAtt": Array [
                      "seederconstructstream9C406DB7",
                      "Arn",
                    ],
                  },
                },
                Object {
                  "Action": "glue:GetTableVersions",
                  "Effect": "Allow",
                  "Resource": "*",
                },
              ],
              "Version": "2012-10-17",
            },
            "PolicyName": "AllowFirehose",
          },
        ],
      },
      "Type": "AWS::IAM::Role",
    },
    "seederconstructIngestionRoleDefaultPolicy7B7C4F8D": Object {
      "Properties": Object {
        "PolicyDocument": Object {
          "Statement": Array [
            Object {
              "Action": Array [
                "kinesis:DescribeStreamSummary",
                "kinesis:GetRecords",
                "kinesis:GetShardIterator",
                "kinesis:ListShards",
                "kinesis:SubscribeToShard",
                "kinesis:DescribeStream",
                "kinesis:ListStreams",
                "kinesis:PutRecord",
                "kinesis:PutRecords",
              ],
              "Effect": "Allow",
              "Resource": Object {
                "Fn::GetAtt": Array [
                  "seederconstructstream9C406DB7",
                  "Arn",
                ],
              },
            },
            Object {
              "Action": Array [
                "logs:CreateLogStream",
                "logs:PutLogEvents",
              ],
              "Effect": "Allow",
              "Resource": Object {
                "Fn::GetAtt": Array [
                  "seederconstructdeliveryLogGroup3AE885B8",
                  "Arn",
                ],
              },
            },
            Object {
              "Action": Array [
                "s3:DeleteObject*",
                "s3:PutObject",
                "s3:PutObjectLegalHold",
                "s3:PutObjectRetention",
                "s3:PutObjectTagging",
                "s3:PutObjectVersionTagging",
                "s3:Abort*",
              ],
              "Effect": "Allow",
              "Resource": Array [
                Object {
                  "Fn::GetAtt": Array [
                    "seederconstructBucket8985D027",
                    "Arn",
                  ],
                },
                Object {
                  "Fn::Join": Array [
                    "",
                    Array [
                      Object {
                        "Fn::GetAtt": Array [
                          "seederconstructBucket8985D027",
                          "Arn",
                        ],
                      },
                      "/*",
                    ],
                  ],
                },
              ],
            },
          ],
          "Version": "2012-10-17",
        },
        "PolicyName": "seederconstructIngestionRoleDefaultPolicy7B7C4F8D",
        "Roles": Array [
          Object {
            "Ref": "seederconstructIngestionRoleB9833A74",
          },
        ],
      },
      "Type": "AWS::IAM::Policy",
    },
    "seederconstructanalyticstableD925F0A0": Object {
      "DeletionPolicy": "Delete",
      "Properties": Object {
        "AttributeDefinitions": Array [
          Object {
            "AttributeName": "PK",
            "AttributeType": "S",
          },
          Object {
            "AttributeName": "SK",
            "AttributeType": "S",
          },
        ],
        "BillingMode": "PAY_PER_REQUEST",
        "KeySchema": Array [
          Object {
            "AttributeName": "PK",
            "KeyType": "HASH",
          },
          Object {
            "AttributeName": "SK",
            "KeyType": "RANGE",
          },
        ],
        "KinesisStreamSpecification": Object {
          "StreamArn": Object {
            "Fn::GetAtt": Array [
              "seederconstructstream9C406DB7",
              "Arn",
            ],
          },
        },
        "SSESpecification": Object {
          "SSEEnabled": true,
        },
        "TableName": "integ-test-analytics",
      },
      "Type": "AWS::DynamoDB::Table",
      "UpdateReplacePolicy": "Delete",
    },
    "seederconstructdeliveryLogGroup3AE885B8": Object {
      "DeletionPolicy": "Delete",
      "Properties": Object {
        "LogGroupName": "/aws/kinesisfirehose/test-stream",
        "RetentionInDays": 7,
      },
      "Type": "AWS::Logs::LogGroup",
      "UpdateReplacePolicy": "Delete",
    },
    "seederconstructdeliveryLogStream7335E4E7": Object {
      "DeletionPolicy": "Delete",
      "Properties": Object {
        "LogGroupName": Object {
          "Ref": "seederconstructdeliveryLogGroup3AE885B8",
        },
        "LogStreamName": "S3Delivery",
      },
      "Type": "AWS::Logs::LogStream",
      "UpdateReplacePolicy": "Delete",
    },
    "seederconstructstream9C406DB7": Object {
      "Properties": Object {
        "Name": "ddb-kinesis-stream",
        "RetentionPeriodHours": 24,
        "StreamEncryption": Object {
          "EncryptionType": "KMS",
          "KeyId": "alias/aws/kinesis",
        },
        "StreamModeDetails": Object {
          "StreamMode": "ON_DEMAND",
        },
      },
      "Type": "AWS::Kinesis::Stream",
    },
  },
  "Rules": Object {
    "CheckBootstrapVersion": Object {
      "Assertions": Array [
        Object {
          "Assert": Object {
            "Fn::Not": Array [
              Object {
                "Fn::Contains": Array [
                  Array [
                    "1",
                    "2",
                    "3",
                    "4",
                    "5",
                  ],
                  Object {
                    "Ref": "BootstrapVersion",
                  },
                ],
              },
            ],
          },
          "AssertDescription": "CDK bootstrap stack version 6 required. Please run 'cdk bootstrap' with a recent version of the CDK CLI.",
        },
      ],
    },
  },
}
`;
