// Jest Snapshot v1, https://goo.gl/fbAQLP

exports[`Snapshot 1`] = `
Object {
  "Parameters": Object {
    "BootstrapVersion": Object {
      "Default": "/cdk-bootstrap/hnb659fds/version",
      "Description": "Version of the CDK Bootstrap resources in this environment, automatically retrieved from SSM Parameter Store. [cdk:skip]",
      "Type": "AWS::SSM::Parameter::Value<String>",
    },
  },
  "Resources": Object {
    "CustomS3AutoDeleteObjectsCustomResourceProviderHandler9D90184F": Object {
      "DependsOn": Array [
        "CustomS3AutoDeleteObjectsCustomResourceProviderRole3B1BD092",
      ],
      "Properties": Object {
        "Code": Object {
          "S3Bucket": Object {
            "Fn::Sub": "cdk-hnb659fds-assets-\${AWS::AccountId}-\${AWS::Region}",
          },
          "S3Key": "bdb08b9984816ecf43301a0c6d8913e270ee2448940b6b95e430dd222a4d90be.zip",
        },
        "Description": Object {
          "Fn::Join": Array [
            "",
            Array [
              "Lambda function for auto-deleting objects in ",
              Object {
                "Ref": "seederconstructEventStorageBucketEF5D3FFB",
              },
              " S3 bucket.",
            ],
          ],
        },
        "Handler": "__entrypoint__.handler",
        "MemorySize": 128,
        "Role": Object {
          "Fn::GetAtt": Array [
            "CustomS3AutoDeleteObjectsCustomResourceProviderRole3B1BD092",
            "Arn",
          ],
        },
        "Runtime": "nodejs12.x",
        "Timeout": 900,
      },
      "Type": "AWS::Lambda::Function",
    },
    "CustomS3AutoDeleteObjectsCustomResourceProviderRole3B1BD092": Object {
      "Properties": Object {
        "AssumeRolePolicyDocument": Object {
          "Statement": Array [
            Object {
              "Action": "sts:AssumeRole",
              "Effect": "Allow",
              "Principal": Object {
                "Service": "lambda.amazonaws.com",
              },
            },
          ],
          "Version": "2012-10-17",
        },
        "ManagedPolicyArns": Array [
          Object {
            "Fn::Sub": "arn:\${AWS::Partition}:iam::aws:policy/service-role/AWSLambdaBasicExecutionRole",
          },
        ],
      },
      "Type": "AWS::IAM::Role",
    },
    "LogRetentionaae0aa3c5b4d4f87b02d85b201efdd8aFD4BFC8A": Object {
      "DependsOn": Array [
        "LogRetentionaae0aa3c5b4d4f87b02d85b201efdd8aServiceRoleDefaultPolicyADDA7DEB",
        "LogRetentionaae0aa3c5b4d4f87b02d85b201efdd8aServiceRole9741ECFB",
      ],
      "Properties": Object {
        "Code": Object {
          "S3Bucket": Object {
            "Fn::Sub": "cdk-hnb659fds-assets-\${AWS::AccountId}-\${AWS::Region}",
          },
          "S3Key": "6c0316fef24d0df8a9a705c77052001217d864f49af386539d01df54618cd131.zip",
        },
        "Handler": "index.handler",
        "Role": Object {
          "Fn::GetAtt": Array [
            "LogRetentionaae0aa3c5b4d4f87b02d85b201efdd8aServiceRole9741ECFB",
            "Arn",
          ],
        },
        "Runtime": "nodejs14.x",
      },
      "Type": "AWS::Lambda::Function",
    },
    "LogRetentionaae0aa3c5b4d4f87b02d85b201efdd8aServiceRole9741ECFB": Object {
      "Properties": Object {
        "AssumeRolePolicyDocument": Object {
          "Statement": Array [
            Object {
              "Action": "sts:AssumeRole",
              "Effect": "Allow",
              "Principal": Object {
                "Service": "lambda.amazonaws.com",
              },
            },
          ],
          "Version": "2012-10-17",
        },
        "ManagedPolicyArns": Array [
          Object {
            "Fn::Join": Array [
              "",
              Array [
                "arn:",
                Object {
                  "Ref": "AWS::Partition",
                },
                ":iam::aws:policy/service-role/AWSLambdaBasicExecutionRole",
              ],
            ],
          },
        ],
      },
      "Type": "AWS::IAM::Role",
    },
    "LogRetentionaae0aa3c5b4d4f87b02d85b201efdd8aServiceRoleDefaultPolicyADDA7DEB": Object {
      "Properties": Object {
        "PolicyDocument": Object {
          "Statement": Array [
            Object {
              "Action": Array [
                "logs:PutRetentionPolicy",
                "logs:DeleteRetentionPolicy",
              ],
              "Effect": "Allow",
              "Resource": "*",
            },
          ],
          "Version": "2012-10-17",
        },
        "PolicyName": "LogRetentionaae0aa3c5b4d4f87b02d85b201efdd8aServiceRoleDefaultPolicyADDA7DEB",
        "Roles": Array [
          Object {
            "Ref": "LogRetentionaae0aa3c5b4d4f87b02d85b201efdd8aServiceRole9741ECFB",
          },
        ],
      },
      "Type": "AWS::IAM::Policy",
    },
    "seederconstructAthenaAthenaWorkgroupEE45F9BE": Object {
      "Properties": Object {
        "Name": Object {
          "Ref": "AWS::StackName",
        },
        "RecursiveDeleteOption": true,
        "State": "ENABLED",
        "WorkGroupConfiguration": Object {
          "EnforceWorkGroupConfiguration": true,
          "ResultConfiguration": Object {
            "OutputLocation": Object {
              "Fn::Join": Array [
                "",
                Array [
                  "s3://",
                  Object {
                    "Ref": "seederconstructEventStorageBucketEF5D3FFB",
                  },
                  "/results",
                ],
              ],
            },
          },
        },
      },
      "Type": "AWS::Athena::WorkGroup",
    },
    "seederconstructAthenaGlueDB5E1C6477": Object {
      "Properties": Object {
        "CatalogId": Object {
          "Ref": "AWS::AccountId",
        },
        "DatabaseInput": Object {
          "Name": "ddb_athena",
        },
      },
      "Type": "AWS::Glue::Database",
    },
    "seederconstructAthenaGlueTableD3D04B1A": Object {
      "Properties": Object {
        "CatalogId": Object {
          "Ref": "AWS::AccountId",
        },
        "DatabaseName": Object {
          "Ref": "seederconstructAthenaGlueDB5E1C6477",
        },
        "TableInput": Object {
          "Description": "seeder generated by CDK",
          "Name": "seeder",
          "Parameters": Object {
            "classification": "parquet",
            "has_encrypted_data": false,
          },
          "PartitionKeys": Array [
            Object {
              "Name": "year",
              "Type": "string",
            },
            Object {
              "Name": "month",
              "Type": "string",
            },
            Object {
              "Name": "day",
              "Type": "string",
            },
          ],
          "StorageDescriptor": Object {
            "Columns": Array [
              Object {
                "Name": "PK",
                "Type": "timestamp",
              },
              Object {
                "Name": "SK",
                "Type": "string",
              },
            ],
            "Compressed": false,
            "InputFormat": "org.apache.hadoop.hive.ql.io.parquet.MapredParquetInputFormat",
            "Location": Object {
              "Fn::Join": Array [
                "",
                Array [
                  "s3://",
                  Object {
                    "Ref": "seederconstructEventStorageBucketEF5D3FFB",
                  },
                  "/data/",
                ],
              ],
            },
            "OutputFormat": "org.apache.hadoop.hive.ql.io.parquet.MapredParquetOutputFormat",
            "SerdeInfo": Object {
              "SerializationLibrary": "org.apache.hadoop.hive.ql.io.parquet.serde.ParquetHiveSerDe",
            },
            "StoredAsSubDirectories": true,
          },
          "TableType": "EXTERNAL_TABLE",
        },
      },
      "Type": "AWS::Glue::Table",
    },
    "seederconstructEventStorageBucketAutoDeleteObjectsCustomResourceA5B221D0": Object {
      "DeletionPolicy": "Delete",
      "DependsOn": Array [
        "seederconstructEventStorageBucketPolicy09361843",
      ],
      "Properties": Object {
        "BucketName": Object {
          "Ref": "seederconstructEventStorageBucketEF5D3FFB",
        },
        "ServiceToken": Object {
          "Fn::GetAtt": Array [
            "CustomS3AutoDeleteObjectsCustomResourceProviderHandler9D90184F",
            "Arn",
          ],
        },
      },
      "Type": "Custom::S3AutoDeleteObjects",
      "UpdateReplacePolicy": "Delete",
    },
    "seederconstructEventStorageBucketEF5D3FFB": Object {
      "DeletionPolicy": "Delete",
      "Properties": Object {
        "BucketEncryption": Object {
          "ServerSideEncryptionConfiguration": Array [
            Object {
              "ServerSideEncryptionByDefault": Object {
                "SSEAlgorithm": "AES256",
              },
            },
          ],
        },
        "NotificationConfiguration": Object {
          "EventBridgeConfiguration": Object {
            "EventBridgeEnabled": true,
          },
        },
        "PublicAccessBlockConfiguration": Object {
          "BlockPublicAcls": true,
          "BlockPublicPolicy": true,
          "IgnorePublicAcls": true,
          "RestrictPublicBuckets": true,
        },
        "Tags": Array [
          Object {
            "Key": "aws-cdk:auto-delete-objects",
            "Value": "true",
          },
        ],
      },
      "Type": "AWS::S3::Bucket",
      "UpdateReplacePolicy": "Delete",
    },
    "seederconstructEventStorageBucketPolicy09361843": Object {
      "Properties": Object {
        "Bucket": Object {
          "Ref": "seederconstructEventStorageBucketEF5D3FFB",
        },
        "PolicyDocument": Object {
          "Statement": Array [
            Object {
              "Action": "s3:*",
              "Condition": Object {
                "Bool": Object {
                  "aws:SecureTransport": "false",
                },
              },
              "Effect": "Deny",
              "Principal": Object {
                "AWS": "*",
              },
              "Resource": Array [
                Object {
                  "Fn::GetAtt": Array [
                    "seederconstructEventStorageBucketEF5D3FFB",
                    "Arn",
                  ],
                },
                Object {
                  "Fn::Join": Array [
                    "",
                    Array [
                      Object {
                        "Fn::GetAtt": Array [
                          "seederconstructEventStorageBucketEF5D3FFB",
                          "Arn",
                        ],
                      },
                      "/*",
                    ],
                  ],
                },
              ],
            },
            Object {
              "Action": Array [
                "s3:GetBucket*",
                "s3:List*",
                "s3:DeleteObject*",
              ],
              "Effect": "Allow",
              "Principal": Object {
                "AWS": Object {
                  "Fn::GetAtt": Array [
                    "CustomS3AutoDeleteObjectsCustomResourceProviderRole3B1BD092",
                    "Arn",
                  ],
                },
              },
              "Resource": Array [
                Object {
                  "Fn::GetAtt": Array [
                    "seederconstructEventStorageBucketEF5D3FFB",
                    "Arn",
                  ],
                },
                Object {
                  "Fn::Join": Array [
                    "",
                    Array [
                      Object {
                        "Fn::GetAtt": Array [
                          "seederconstructEventStorageBucketEF5D3FFB",
                          "Arn",
                        ],
                      },
                      "/*",
                    ],
                  ],
                },
              ],
            },
            Object {
              "Action": "s3:*",
              "Effect": "Allow",
              "Principal": Object {
                "AWS": Object {
                  "Fn::GetAtt": Array [
                    "seederconstructS3FirehoseDeliveryIngestionRole2AADE1EF",
                    "Arn",
                  ],
                },
              },
              "Resource": Array [
                Object {
                  "Fn::GetAtt": Array [
                    "seederconstructEventStorageBucketEF5D3FFB",
                    "Arn",
                  ],
                },
                Object {
                  "Fn::Join": Array [
                    "",
                    Array [
                      Object {
                        "Fn::GetAtt": Array [
                          "seederconstructEventStorageBucketEF5D3FFB",
                          "Arn",
                        ],
                      },
                      "/*",
                    ],
                  ],
                },
              ],
            },
          ],
          "Version": "2012-10-17",
        },
      },
      "Type": "AWS::S3::BucketPolicy",
    },
    "seederconstructEventStorageanalyticstable1032AB2D": Object {
      "DeletionPolicy": "Delete",
      "Properties": Object {
        "AttributeDefinitions": Array [
          Object {
            "AttributeName": "PK",
            "AttributeType": "S",
          },
          Object {
            "AttributeName": "SK",
            "AttributeType": "S",
          },
        ],
        "BillingMode": "PAY_PER_REQUEST",
        "KeySchema": Array [
          Object {
            "AttributeName": "PK",
            "KeyType": "HASH",
          },
          Object {
            "AttributeName": "SK",
            "KeyType": "RANGE",
          },
        ],
        "KinesisStreamSpecification": Object {
          "StreamArn": Object {
            "Fn::GetAtt": Array [
              "seederconstructEventStoragestreamC0C5F86D",
              "Arn",
            ],
          },
        },
        "SSESpecification": Object {
          "SSEEnabled": true,
        },
      },
      "Type": "AWS::DynamoDB::Table",
      "UpdateReplacePolicy": "Delete",
    },
    "seederconstructEventStoragestreamC0C5F86D": Object {
      "Properties": Object {
        "RetentionPeriodHours": 24,
        "StreamEncryption": Object {
          "EncryptionType": "KMS",
          "KeyId": "alias/aws/kinesis",
        },
        "StreamModeDetails": Object {
          "StreamMode": "ON_DEMAND",
        },
      },
      "Type": "AWS::Kinesis::Stream",
    },
    "seederconstructS3FirehoseDeliveryDeliveryStream80E54169": Object {
      "Properties": Object {
        "DeliveryStreamType": "KinesisStreamAsSource",
        "ExtendedS3DestinationConfiguration": Object {
          "BucketARN": Object {
            "Fn::GetAtt": Array [
              "seederconstructEventStorageBucketEF5D3FFB",
              "Arn",
            ],
          },
          "BufferingHints": Object {
            "IntervalInSeconds": 60,
          },
          "CloudWatchLoggingOptions": Object {
            "Enabled": true,
            "LogGroupName": "/aws/kinesisfirehose/test-stream",
            "LogStreamName": "S3FirehoseDelivery",
          },
          "CompressionFormat": "UNCOMPRESSED",
          "DataFormatConversionConfiguration": Object {
            "Enabled": true,
            "InputFormatConfiguration": Object {
              "Deserializer": Object {
                "OpenXJsonSerDe": Object {},
              },
            },
            "OutputFormatConfiguration": Object {
              "Serializer": Object {
                "ParquetSerDe": Object {},
              },
            },
            "SchemaConfiguration": Object {
              "CatalogId": Object {
                "Ref": "AWS::AccountId",
              },
              "DatabaseName": Object {
                "Ref": "seederconstructAthenaGlueDB5E1C6477",
              },
              "Region": Object {
                "Ref": "AWS::Region",
              },
              "RoleARN": Object {
                "Fn::GetAtt": Array [
                  "seederconstructS3FirehoseDeliveryIngestionRole2AADE1EF",
                  "Arn",
                ],
              },
              "TableName": Object {
                "Ref": "seederconstructAthenaGlueTableD3D04B1A",
              },
            },
          },
          "DynamicPartitioningConfiguration": Object {
            "Enabled": true,
          },
          "ErrorOutputPrefix": "error/!{firehose:error-output-type}/dt=!{timestamp:yyyy'-'MM'-'dd}/h=!{timestamp:HH}/",
          "Prefix": "data/year=!{partitionKeyFromLambda:year}/month=!{partitionKeyFromLambda:month}/day=!{partitionKeyFromLambda:day}/",
          "ProcessingConfiguration": Object {
            "Enabled": true,
            "Processors": Array [
              Object {
                "Parameters": Array [
                  Object {
                    "ParameterName": "LambdaArn",
                    "ParameterValue": Object {
                      "Fn::GetAtt": Array [
                        "seederconstructS3FirehoseDeliveryhandlerAA77D9AF",
                        "Arn",
                      ],
                    },
                  },
                ],
                "Type": "Lambda",
              },
              Object {
                "Parameters": Array [
                  Object {
                    "ParameterName": "Delimiter",
                    "ParameterValue": "\\\\n",
                  },
                ],
                "Type": "AppendDelimiterToRecord",
              },
            ],
          },
          "RoleARN": Object {
            "Fn::GetAtt": Array [
              "seederconstructS3FirehoseDeliveryIngestionRole2AADE1EF",
              "Arn",
            ],
          },
        },
        "KinesisStreamSourceConfiguration": Object {
          "KinesisStreamARN": Object {
            "Fn::GetAtt": Array [
              "seederconstructEventStoragestreamC0C5F86D",
              "Arn",
            ],
          },
          "RoleARN": Object {
            "Fn::GetAtt": Array [
              "seederconstructS3FirehoseDeliveryIngestionRole2AADE1EF",
              "Arn",
            ],
          },
        },
      },
      "Type": "AWS::KinesisFirehose::DeliveryStream",
    },
    "seederconstructS3FirehoseDeliveryIngestionRole2AADE1EF": Object {
      "Properties": Object {
        "AssumeRolePolicyDocument": Object {
          "Statement": Array [
            Object {
              "Action": "sts:AssumeRole",
              "Effect": "Allow",
              "Principal": Object {
                "Service": "firehose.amazonaws.com",
              },
            },
          ],
          "Version": "2012-10-17",
        },
        "Policies": Array [
          Object {
            "PolicyDocument": Object {
              "Statement": Array [
                Object {
                  "Action": Array [
                    "kinesis:DescribeStream",
                    "kinesis:GetRecords",
                    "kinesis:GetShardIterator",
                  ],
                  "Effect": "Allow",
                  "Resource": Object {
                    "Fn::GetAtt": Array [
                      "seederconstructEventStoragestreamC0C5F86D",
                      "Arn",
                    ],
                  },
                },
                Object {
                  "Action": "glue:GetTableVersions",
                  "Effect": "Allow",
                  "Resource": "*",
                },
              ],
              "Version": "2012-10-17",
            },
            "PolicyName": "AllowFirehose",
          },
        ],
      },
      "Type": "AWS::IAM::Role",
    },
    "seederconstructS3FirehoseDeliveryIngestionRoleDefaultPolicy39FD8799": Object {
      "Properties": Object {
        "PolicyDocument": Object {
          "Statement": Array [
            Object {
              "Action": Array [
                "kinesis:DescribeStreamSummary",
                "kinesis:GetRecords",
                "kinesis:GetShardIterator",
                "kinesis:ListShards",
                "kinesis:SubscribeToShard",
                "kinesis:DescribeStream",
                "kinesis:ListStreams",
                "kinesis:PutRecord",
                "kinesis:PutRecords",
              ],
              "Effect": "Allow",
              "Resource": Object {
                "Fn::GetAtt": Array [
                  "seederconstructEventStoragestreamC0C5F86D",
                  "Arn",
                ],
              },
            },
            Object {
              "Action": Array [
                "s3:DeleteObject*",
                "s3:PutObject",
                "s3:PutObjectLegalHold",
                "s3:PutObjectRetention",
                "s3:PutObjectTagging",
                "s3:PutObjectVersionTagging",
                "s3:Abort*",
              ],
              "Effect": "Allow",
              "Resource": Array [
                Object {
                  "Fn::GetAtt": Array [
                    "seederconstructEventStorageBucketEF5D3FFB",
                    "Arn",
                  ],
                },
                Object {
                  "Fn::Join": Array [
                    "",
                    Array [
                      Object {
                        "Fn::GetAtt": Array [
                          "seederconstructEventStorageBucketEF5D3FFB",
                          "Arn",
                        ],
                      },
                      "/*",
                    ],
                  ],
                },
              ],
            },
            Object {
              "Action": Array [
                "logs:CreateLogStream",
                "logs:PutLogEvents",
              ],
              "Effect": "Allow",
              "Resource": Object {
                "Fn::GetAtt": Array [
                  "seederconstructS3FirehoseDeliverydeliveryLogGroupC840A910",
                  "Arn",
                ],
              },
            },
            Object {
              "Action": "lambda:InvokeFunction",
              "Effect": "Allow",
              "Resource": Object {
                "Fn::GetAtt": Array [
                  "seederconstructS3FirehoseDeliveryhandlerAA77D9AF",
                  "Arn",
                ],
              },
            },
          ],
          "Version": "2012-10-17",
        },
        "PolicyName": "seederconstructS3FirehoseDeliveryIngestionRoleDefaultPolicy39FD8799",
        "Roles": Array [
          Object {
            "Ref": "seederconstructS3FirehoseDeliveryIngestionRole2AADE1EF",
          },
        ],
      },
      "Type": "AWS::IAM::Policy",
    },
    "seederconstructS3FirehoseDeliverydeliveryLogGroupC840A910": Object {
      "DeletionPolicy": "Delete",
      "Properties": Object {
        "LogGroupName": "/aws/kinesisfirehose/ddb-athena",
        "RetentionInDays": 7,
      },
      "Type": "AWS::Logs::LogGroup",
      "UpdateReplacePolicy": "Delete",
    },
    "seederconstructS3FirehoseDeliverydeliveryLogStreamB8C6DC8A": Object {
      "DeletionPolicy": "Delete",
      "Properties": Object {
        "LogGroupName": Object {
          "Ref": "seederconstructS3FirehoseDeliverydeliveryLogGroupC840A910",
        },
      },
      "Type": "AWS::Logs::LogStream",
      "UpdateReplacePolicy": "Delete",
    },
    "seederconstructS3FirehoseDeliveryhandlerAA77D9AF": Object {
      "DependsOn": Array [
        "seederconstructS3FirehoseDeliveryhandlerServiceRoleFA116236",
      ],
      "Properties": Object {
        "Code": Object {
          "S3Bucket": Object {
            "Fn::Sub": "cdk-hnb659fds-assets-\${AWS::AccountId}-\${AWS::Region}",
          },
          "S3Key": "6f2f2a2c2e1fed968804698a60557f6ded760ae8b5403d5ba62f1e1fc37eae6a.zip",
        },
        "Handler": "bootstrap",
        "Role": Object {
          "Fn::GetAtt": Array [
            "seederconstructS3FirehoseDeliveryhandlerServiceRoleFA116236",
            "Arn",
          ],
        },
        "Runtime": "provided.al2",
      },
      "Type": "AWS::Lambda::Function",
    },
    "seederconstructS3FirehoseDeliveryhandlerLogRetention4CDCA062": Object {
      "Properties": Object {
        "LogGroupName": Object {
          "Fn::Join": Array [
            "",
            Array [
              "/aws/lambda/",
              Object {
                "Ref": "seederconstructS3FirehoseDeliveryhandlerAA77D9AF",
              },
            ],
          ],
        },
        "RetentionInDays": 3,
        "ServiceToken": Object {
          "Fn::GetAtt": Array [
            "LogRetentionaae0aa3c5b4d4f87b02d85b201efdd8aFD4BFC8A",
            "Arn",
          ],
        },
      },
      "Type": "Custom::LogRetention",
    },
    "seederconstructS3FirehoseDeliveryhandlerServiceRoleFA116236": Object {
      "Properties": Object {
        "AssumeRolePolicyDocument": Object {
          "Statement": Array [
            Object {
              "Action": "sts:AssumeRole",
              "Effect": "Allow",
              "Principal": Object {
                "Service": "lambda.amazonaws.com",
              },
            },
          ],
          "Version": "2012-10-17",
        },
        "ManagedPolicyArns": Array [
          Object {
            "Fn::Join": Array [
              "",
              Array [
                "arn:",
                Object {
                  "Ref": "AWS::Partition",
                },
                ":iam::aws:policy/service-role/AWSLambdaBasicExecutionRole",
              ],
            ],
          },
        ],
      },
      "Type": "AWS::IAM::Role",
    },
  },
  "Rules": Object {
    "CheckBootstrapVersion": Object {
      "Assertions": Array [
        Object {
          "Assert": Object {
            "Fn::Not": Array [
              Object {
                "Fn::Contains": Array [
                  Array [
                    "1",
                    "2",
                    "3",
                    "4",
                    "5",
                  ],
                  Object {
                    "Ref": "BootstrapVersion",
                  },
                ],
              },
            ],
          },
          "AssertDescription": "CDK bootstrap stack version 6 required. Please run 'cdk bootstrap' with a recent version of the CDK CLI.",
        },
      ],
    },
  },
}
`;
